0 verbose cli /usr/local/bin/node /usr/local/lib/node_modules/npm/bin/npm-cli.js
1 info using npm@10.9.2
2 info using node@v22.17.0
3 silly config load:file:/usr/local/lib/node_modules/npm/npmrc
4 silly config load:file:/Users/yaramanisai/deals-demo/.npmrc
5 silly config load:file:/Users/yaramanisai/.npmrc
6 silly config load:file:/Users/yaramanisai/.npm-global/etc/npmrc
7 verbose title npm exec create-next-app@latest . --ts --tailwind --eslint --app --use-npm --import-alias @/*
8 verbose argv "exec" "--yes" "--" "create-next-app@latest" "." "--ts" "--tailwind" "--eslint" "--app" "--use-npm" "--import-alias" "@/*"
9 verbose logfile logs-max:10 dir:/Users/yaramanisai/deals-demo/.npm-cache/_logs/2025-11-03T14_55_39_438Z-
10 verbose logfile /Users/yaramanisai/deals-demo/.npm-cache/_logs/2025-11-03T14_55_39_438Z-debug-0.log
11 silly logfile done cleaning log files
12 silly packumentCache heap:4345298944 maxSize:1086324736 maxEntrySize:543162368
13 http fetch GET 200 https://registry.npmjs.org/npm 697ms
14 http fetch GET 200 https://registry.npmjs.org/create-next-app 2408ms (cache miss)
15 silly packumentCache heap:4345298944 maxSize:1086324736 maxEntrySize:543162368
16 silly packumentCache heap:4345298944 maxSize:1086324736 maxEntrySize:543162368
17 silly idealTree buildDeps
18 silly fetch manifest create-next-app@16.0.1
19 silly packumentCache full:https://registry.npmjs.org/create-next-app cache-miss
20 http fetch GET 200 https://registry.npmjs.org/create-next-app 1237ms (cache miss)
21 silly packumentCache full:https://registry.npmjs.org/create-next-app set size:undefined disposed:false
22 silly placeDep ROOT create-next-app@16.0.1 OK for:  want: 16.0.1
23 silly reify moves {}
24 silly audit bulk request { 'create-next-app': [ '16.0.1' ] }
25 http cache create-next-app@https://registry.npmjs.org/create-next-app/-/create-next-app-16.0.1.tgz 0ms (cache hit)
26 silly tarball no local data for create-next-app@https://registry.npmjs.org/create-next-app/-/create-next-app-16.0.1.tgz. Extracting by manifest.
27 http fetch GET 200 https://registry.npmjs.org/create-next-app/-/create-next-app-16.0.1.tgz 211ms (cache miss)
28 http fetch POST 200 https://registry.npmjs.org/-/npm/v1/security/advisories/bulk 321ms
29 silly audit report {}
30 verbose cwd /Users/yaramanisai/deals-demo
31 verbose os Darwin 25.0.0
32 verbose node v22.17.0
33 verbose npm  v10.9.2
34 notice
34 notice New major version of npm available! 10.9.2 -> 11.6.2
34 notice Changelog: https://github.com/npm/cli/releases/tag/v11.6.2
34 notice To update run: npm install -g npm@11.6.2
34 notice  { force: true, [Symbol(proc-log.meta)]: true }
35 verbose exit 1
36 verbose code 1
