0 verbose cli /usr/local/bin/node /usr/local/lib/node_modules/npm/bin/npm-cli.js
1 info using npm@10.9.2
2 info using node@v22.17.0
3 silly config load:file:/usr/local/lib/node_modules/npm/npmrc
4 silly config load:file:/Users/yaramanisai/deals-demo/.npmrc
5 silly config load:file:/Users/yaramanisai/.npmrc
6 silly config load:file:/Users/yaramanisai/.npm-global/etc/npmrc
7 verbose title npm exec create-next-app@latest web --ts --tailwind --eslint --app --use-npm --import-alias @/*
8 verbose argv "exec" "--yes" "--" "create-next-app@latest" "web" "--ts" "--tailwind" "--eslint" "--app" "--use-npm" "--import-alias" "@/*"
9 verbose logfile logs-max:10 dir:/Users/yaramanisai/deals-demo/.npm-cache/_logs/2025-11-03T14_56_01_525Z-
10 verbose logfile /Users/yaramanisai/deals-demo/.npm-cache/_logs/2025-11-03T14_56_01_525Z-debug-0.log
11 silly logfile done cleaning log files
12 silly packumentCache heap:4345298944 maxSize:1086324736 maxEntrySize:543162368
13 http fetch GET 200 https://registry.npmjs.org/create-next-app 138ms (cache revalidated)
14 silly packumentCache heap:4345298944 maxSize:1086324736 maxEntrySize:543162368
15 silly packumentCache heap:4345298944 maxSize:1086324736 maxEntrySize:543162368
16 verbose cwd /Users/yaramanisai/deals-demo
17 verbose os Darwin 25.0.0
18 verbose node v22.17.0
19 verbose npm  v10.9.2
20 verbose exit 0
21 info ok
